viewType "" is not available.
Cannot read properties of undefined (reading 'destroy')
Cannot import "dns"